// Jest Snapshot v1, https://goo.gl/fbAQLP

exports[`renders the Footer component correctly 1`] = `
<div>
  <div
    class="footer"
  >
    <div
      class="margin"
    >
      <p>
        Soumya Murugendrappa
      </p>
      <p>
        A Web Design Project, @Northeastern University, Silicon Valley, CA, USA
      </p>
    </div>
  </div>
</div>
`;
